// Jest Snapshot v1, https://goo.gl/fbAQLP

exports[`<Banner /> should render the banner correctly 1`] = `
.c5 {
  display: -webkit-inline-box;
  display: -webkit-inline-flex;
  display: -ms-inline-flexbox;
  display: inline-flex;
  -webkit-align-items: center;
  -webkit-box-align: center;
  -ms-flex-align: center;
  align-items: center;
  -webkit-box-pack: center;
  -webkit-justify-content: center;
  -ms-flex-pack: center;
  justify-content: center;
  border: 0;
  padding: 0.8rem;
  border-radius: 0.4rem;
  -webkit-text-decoration: none;
  text-decoration: none;
  color: #FAFAFA;
  background: linear-gradient(180deg,#ff5f5f 0%,#f062c0 50%);
  cursor: pointer;
  height: 4rem;
  font-size: 1.4rem;
  padding: 0.8rem 3.2rem;
}

.c5:hover {
  background: linear-gradient(180deg,#e35565 0%,#d958a6 50%);
}

.c0 {
  position: relative;
}

.c1 {
  width: 100%;
  height: 23rem;
  background-size: cover;
  background-image: url(https://sm.ign.com/ign_br/screenshot/default/world-of-warcraft-classic-onyxia_y46q.jpg);
  background-position: center center;
  background-color: #EAEAEA;
}

.c2 {
  width: 100%;
  background-color: rgba(0,0,0,0.7);
  padding: 2.4rem;
}

.c3 {
  font-size: 1.8rem;
  font-weight: 600;
  color: #FAFAFA;
}

.c4 {
  margin-bottom: 1.6rem;
  font-size: 1.4rem;
  font-weight: 400;
  color: #FAFAFA;
}

.c4 strong {
  color: #F231A5;
  font-weight: 600;
}

@media (max-width:1170px) {
  .c0 .sc-gsTCUz {
    right: 0;
  }

  .c0 .sc-gsTCUz::before {
    display: none;
  }
}

@media (min-width:768px) {
  .c0 {
    box-shadow: 0 0.4rem 0.5rem 0 rgba(0,0,0,0.2);
  }
}

@media (min-width:768px) {
  .c1 {
    height: 58rem;
  }
}

@media (min-width:768px) {
  .c2 {
    position: absolute;
    left: 0;
    bottom: 0;
    padding: 4.0rem;
    border-radius: 0 0 0.4rem 0.4rem;
  }
}

@media (min-width:768px) {
  .c3 {
    font-size: 2.8rem;
  }
}

@media (min-width:768px) {
  .c4 {
    font-size: 1.8rem;
  }
}

<main
  class="c0"
>
  <div
    aria-label="World of Warcraft"
    class="c1"
    role="img"
    src="https://sm.ign.com/ign_br/screenshot/default/world-of-warcraft-classic-onyxia_y46q.jpg"
  />
  <div
    class="c2"
  >
    <h2
      class="c3"
    >
      World of Warcraft
    </h2>
    <h3
      class="c4"
    >
      Play the new expansion right now!
    </h3>
    <a
      class="c5"
      href="/games/world-of-warcraft"
    >
      <span>
        Buy now
      </span>
    </a>
  </div>
</main>
`;
